// Jest Snapshot v1, https://goo.gl/fbAQLP

exports[`<Card /> should match snapshot 1`] = `
<section
  class="sc-bdfCDU gkkTvX"
>
  <img
    alt="imagem produto"
    class="sc-gsTDqH jDjcfa"
    src="img/img.png"
  />
  <article
    class="sc-dlfmHC lHBgN"
  >
    <h1>
      Produto 1
    </h1>
    <span>
      R$
      3000
    </span>
  </article>
  <p
    class="sc-hKgKIp lAaGH"
  >
    Descrição Produto
  </p>
  <button
    class="sc-eCstZk fcNmUX"
  >
    <svg
      aria-hidden="true"
      class="MuiSvgIcon-root MuiSvgIcon-fontSizeMedium css-i4bv87-MuiSvgIcon-root"
      data-testid="ShoppingBagIcon"
      focusable="false"
      viewBox="0 0 24 24"
    >
      <path
        d="M18 6h-2c0-2.21-1.79-4-4-4S8 3.79 8 6H6c-1.1 0-2 .9-2 2v12c0 1.1.9 2 2 2h12c1.1 0 2-.9 2-2V8c0-1.1-.9-2-2-2zm-8 4c0 .55-.45 1-1 1s-1-.45-1-1V8h2v2zm2-6c1.1 0 2 .9 2 2h-4c0-1.1.9-2 2-2zm4 6c0 .55-.45 1-1 1s-1-.45-1-1V8h2v2z"
      />
    </svg>
    Comprar
  </button>
</section>
`;
