// Jest Snapshot v1, https://goo.gl/fbAQLP

exports[`<Cart /> should match snapshot 1`] = `
<div
  class="sc-bdfCDU kDxWUw"
>
  <i
    class="sc-hKgKIp ehZBwG"
  >
    <svg
      aria-hidden="true"
      class="MuiSvgIcon-root MuiSvgIcon-fontSizeMedium css-i4bv87-MuiSvgIcon-root"
      data-testid="CloseIcon"
      focusable="false"
      viewBox="0 0 24 24"
    >
      <path
        d="M19 6.41 17.59 5 12 10.59 6.41 5 5 6.41 10.59 12 5 17.59 6.41 19 12 13.41 17.59 19 19 17.59 13.41 12z"
      />
    </svg>
  </i>
  <img
    alt="imagem produto"
    src="img/img.png"
  />
  <h2>
    Produto 1
  </h2>
  <div
    class="sc-gsTDqH fPmuRT"
  >
    <span>
      Qtd:
    </span>
    <div>
      <button>
        -
      </button>
      <p>
        2
      </p>
      <button>
        +
      </button>
    </div>
  </div>
  <span
    class="sc-dlfmHC eojmPb"
  >
    R$
    3000
  </span>
</div>
`;
